+1.23 = 1.23
-1.23 = -1.23
7 * 1.2 = 8.4000000000000004
7 / 1.2 = 5.8333333333333339
7 % 1.2 = 1.0000000000000002
7 + 1.2 = 8.1999999999999993
7 - 1.2 = 5.7999999999999998
++1.23  = 2.23
--1.23  = 2.2999999999999998e-1
(f = 1.23)++ = 1.23
(f =           2.23
(f = 1.23)-- = 1.23
(f =           2.2999999999999998e-1
Done!
