float  a = 1.0e+2
float  a = 1.0e+2
float  a = 1.0e+2
float  a = 1.0e+2
float  a = 1.0e+2
float  a = 1.0e+2
double a = 1.0e+2
Done!
