        f1  = 1.21e+1
(int)   f1  = 12
        d1  = -2.3100000000000001e+1
(int)   d1  = -23
Done!
