 1.1  = 1.1000000000000001
-1.1  = -1.1000000000000001
 0.1  = 1.0000000000000001e-1
-0.1  = -1.0000000000000001e-1
Done!
