         f1  = 1.2345671000000001e+6
(byte)   f1  = -121
(short)  f1  = -10617
(int)    f1  = 1234567
(long)   f1  = 1234567
(char)   f1  = Z
(float)  f1  = 1.2345671000000001e+6
(double) f1  = 1.2345671000000001e+6
Done!
