(float) f1  = 1.23
(double)f1  = 1.23
(float) d1  = 0.017
(double)d1  = 0.017
Done!
