Size of the array to sort = Type 4 numbers: Finished reading the 4 numbers
The original unsorted array is:
8 3 1 2 
Reversing the array ... Done!
The reversed array is:
2 1 3 8 
Sorting the array using insertion sort ... Done!
The resulting array is:
1 2 3 8 
Reversing the array ... Done!
Sorting the array using bubble sort ... Done!
The resulting array is:
1 2 3 8 
Reversing the array ... Done!
Sorting the array using heap sort ... Done!
The resulting array is:
1 2 3 8 
Done!
