Length of array = Input each of the 5 elements of the array
Element 0 = Element 1 = Element 2 = Element 3 = Element 4 = Sorting the array using bubble sort ... Done!
Below is the sorted sequence:
Element 0 = 2
Element 1 = 3
Element 2 = 5
Element 3 = 7
Element 4 = 8
Done!
