1 > 0 asserted
1 > 0 asserted with arg
assertionError: 
assertionError: abc
assertionError: -1
Done!
