Octa int literals:
0 63 -1
Octa int overflow, 017777777777 + 017777777777 = -2
Octa long literals:
0 4294967295 -1
Octa long not overflow, 017777777777L + 017777777777L = 4294967294
Done!
