Empty string:

Simple chars string:
aA0 #
Names escape only:
\
two named escapes:
"\
Chars and escapes together:
_\'_<>
Done!
