Decimal int literals:
0 12 -13 -2147483648
Int overflow, 2002001001 + 2002001001 = -290965294
Decimal long literals:
0 12 12345678900 12345678900 -9223372036854775808
Long not overflow, 2002001001L + 2002001001L = 4004002002
Done!
