 4 <<   1     = 8
 4 <<  -1     = 8589934592
-4 <<   1     = -8
-4 <<  -1     = -8589934592
 4  >>  1     = 2
 4  >> -1     = 0
-4  >>  1     = -2
-4  >> -1     = -1
 4 >>>  1     = 2
 4 >>> -1     = 2
-4 >>>  1     = -2
-4 >>> -1     = 1
Done!
