true || false = true
true && false = false
true | false  = true
true ^ false  = true
true & false  = false
true == false = false
true != false = true
4 == 2        = false
4 != 2        = true
4 < 2         = false
4 > 2         = true
4 <= 2        = false
4 >= 2        = true
! true        = false
Done!
