4 | 2         = 6
4 ^ 2         = 6
4 & 2         = 0
4 << 2        = 16
4 >> 2        = 1
4 >>> 2       = 1
4 + 2         = 6
4 - 2         = 2
4 * 2         = 8
4 / 2         = 2
4 % 2         = 0
++4           = 5
--4           = 3
~ 4           = -5
+ 4           = 4
- 4           = -4
4++           = 4
4--           = 4
4 > 2 ? 4 : 2 = 4
Done!
