Before break 0, after break 0
Before break 1, after break 1
Before break 2, after break 2
Done!
