finally after uncaught exception
caught exception: java.lang.RuntimeException: 
Done!
