Init graph:
0 |-> 0 1 2 3 
1 |-> 1 2 3 0 
2 |-> 2 3 0 1 
3 |-> 3 0 1 2 

Graph without edges (1,2),(2,1):
0 |-> 0 1 2 3 
1 |-> 1 3 0 
2 |-> 2 3 0 
3 |-> 3 0 1 2 
Done!
