finally after return
finally 2 after return
Done!
