java.lang.RuntimeException:  
java.lang.RuntimeException: field 
Done!
