no exception first time
finally after no exception
caught exception: -1
finally after exception
Done!
