1: 1 
2: 2-default-3 4-5 
3: 2-default-3 4-5 
4: 4-5 
5: 4-5 
6: 
7: 
8: 2-default-3 4-5 
Done!
