1: 1, inner while, 2, after switch, after outer while.
Done!
