1: 1 , after switch.
2: 2 
3: 3 , after switch.
4: , after switch.
Done!
