Input a natural numer: Factorial of 5 is: 120
Done!
