M1=
0 1 2 
1 2 3 
M2=
1 1 
1 1 
1 1 
M1 * M2 = 
3 3 
6 6 
Done!
